
R version 4.4.1 (2024-06-14) -- "Race for Your Life"
Copyright (C) 2024 The R Foundation for Statistical Computing
Platform: x86_64-pc-linux-gnu

R is free software and comes with ABSOLUTELY NO WARRANTY.
You are welcome to redistribute it under certain conditions.
Type 'license()' or 'licence()' for distribution details.

  Natural language support but running in an English locale

R is a collaborative project with many contributors.
Type 'contributors()' for more information and
'citation()' on how to cite R or R packages in publications.

Type 'demo()' for some demos, 'help()' for on-line help, or
'help.start()' for an HTML browser interface to help.
Type 'q()' to quit R.

> rmarkdown::render('/home/rstudio/projects/A2_SoomiChoi.Rmd', output_file='/home/rstudio/projects/A2_SoomiChoi.html')


processing file: A2_SoomiChoi.Rmd
  |                                                          |                                                  |   0%  |                                                          |..                                                |   4%                      |                                                          |....                                              |   7% [setup]            trying URL 'https://bioconductor.org/packages/3.19/container-binaries/bioconductor_docker/src/contrib/gridGraphics_0.5-1_R_x86_64-pc-linux-gnu.tar.gz'
Content type 'application/gzip' length 250461 bytes (244 KB)
==================================================
downloaded 244 KB

trying URL 'https://bioconductor.org/packages/3.19/container-binaries/bioconductor_docker/src/contrib/tweenr_2.0.3_R_x86_64-pc-linux-gnu.tar.gz'
Content type 'application/gzip' length 454422 bytes (443 KB)
==================================================
downloaded 443 KB

trying URL 'https://bioconductor.org/packages/3.19/container-binaries/bioconductor_docker/src/contrib/polyclip_1.10-7_R_x86_64-pc-linux-gnu.tar.gz'
Content type 'application/gzip' length 119961 bytes (117 KB)
==================================================
downloaded 117 KB

trying URL 'https://bioconductor.org/packages/3.19/container-binaries/bioconductor_docker/src/contrib/RcppEigen_0.3.4.0.2_R_x86_64-pc-linux-gnu.tar.gz'
Content type 'application/gzip' length 1845215 bytes (1.8 MB)
==================================================
downloaded 1.8 MB

trying URL 'https://bioconductor.org/packages/3.19/container-binaries/bioconductor_docker/src/contrib/ggplotify_0.1.2_R_x86_64-pc-linux-gnu.tar.gz'
Content type 'application/gzip' length 140202 bytes (136 KB)
==================================================
downloaded 136 KB

trying URL 'https://bioconductor.org/packages/3.19/container-binaries/bioconductor_docker/src/contrib/patchwork_1.3.0_R_x86_64-pc-linux-gnu.tar.gz'
Content type 'application/gzip' length 3346984 bytes (3.2 MB)
==================================================
downloaded 3.2 MB

trying URL 'https://bioconductor.org/packages/3.19/container-binaries/bioconductor_docker/src/contrib/ggforce_0.4.2_R_x86_64-pc-linux-gnu.tar.gz'
Content type 'application/gzip' length 1853704 bytes (1.8 MB)
==================================================
downloaded 1.8 MB

trying URL 'https://bioconductor.org/packages/3.19/container-binaries/bioconductor_docker/src/contrib/ggrepel_0.9.6_R_x86_64-pc-linux-gnu.tar.gz'
Content type 'application/gzip' length 289262 bytes (282 KB)
==================================================
downloaded 282 KB

trying URL 'https://bioconductor.org/packages/3.19/container-binaries/bioconductor_docker/src/contrib/tidygraph_1.3.1_R_x86_64-pc-linux-gnu.tar.gz'
Content type 'application/gzip' length 562018 bytes (548 KB)
==================================================
downloaded 548 KB

trying URL 'https://p3m.dev/cran/__linux__/jammy/latest/src/contrib/graphlayouts_1.2.2.tar.gz'
Content type 'binary/octet-stream' length 2497826 bytes (2.4 MB)
==================================================
downloaded 2.4 MB

trying URL 'https://p3m.dev/cran/__linux__/jammy/latest/src/contrib/ape_5.8-1.tar.gz'
Content type 'binary/octet-stream' length 2966587 bytes (2.8 MB)
==================================================
downloaded 2.8 MB

trying URL 'https://bioconductor.org/packages/3.19/container-binaries/bioconductor_docker/src/contrib/tidytree_0.4.6_R_x86_64-pc-linux-gnu.tar.gz'
Content type 'application/gzip' length 342072 bytes (334 KB)
==================================================
downloaded 334 KB

trying URL 'https://bioconductor.org/packages/3.19/container-binaries/bioconductor_docker/src/contrib/treeio_1.28.0_R_x86_64-pc-linux-gnu.tar.gz'
Content type 'application/gzip' length 921493 bytes (899 KB)
==================================================
downloaded 899 KB

trying URL 'https://p3m.dev/cran/__linux__/jammy/latest/src/contrib/aplot_0.2.5.tar.gz'
Content type 'binary/octet-stream' length 75676 bytes (73 KB)
==================================================
downloaded 73 KB

trying URL 'https://p3m.dev/cran/__linux__/jammy/latest/src/contrib/ggfun_0.1.8.tar.gz'
Content type 'binary/octet-stream' length 223793 bytes (218 KB)
==================================================
downloaded 218 KB

trying URL 'https://p3m.dev/cran/__linux__/jammy/latest/src/contrib/ggnewscale_0.5.1.tar.gz'
Content type 'binary/octet-stream' length 350308 bytes (342 KB)
==================================================
downloaded 342 KB

trying URL 'https://bioconductor.org/packages/3.19/container-binaries/bioconductor_docker/src/contrib/ggraph_2.2.1_R_x86_64-pc-linux-gnu.tar.gz'
Content type 'application/gzip' length 4520231 bytes (4.3 MB)
==================================================
downloaded 4.3 MB

trying URL 'https://bioconductor.org/packages/3.19/container-binaries/bioconductor_docker/src/contrib/scatterpie_0.2.4_R_x86_64-pc-linux-gnu.tar.gz'
Content type 'application/gzip' length 150330 bytes (146 KB)
==================================================
downloaded 146 KB

trying URL 'https://bioconductor.org/packages/3.19/container-binaries/bioconductor_docker/src/contrib/shadowtext_0.1.4_R_x86_64-pc-linux-gnu.tar.gz'
Content type 'application/gzip' length 223661 bytes (218 KB)
==================================================
downloaded 218 KB

trying URL 'https://bioconductor.org/packages/3.19/container-binaries/bioconductor_docker/src/contrib/ggtree_3.12.0_R_x86_64-pc-linux-gnu.tar.gz'
Content type 'application/gzip' length 926165 bytes (904 KB)
==================================================
downloaded 904 KB

trying URL 'https://bioconductor.org/packages/3.19/container-binaries/bioconductor_docker/src/contrib/DOSE_3.30.5_R_x86_64-pc-linux-gnu.tar.gz'
Content type 'application/gzip' length 7212777 bytes (6.9 MB)
==================================================
downloaded 6.9 MB

trying URL 'https://bioconductor.org/packages/3.19/container-binaries/bioconductor_docker/src/contrib/enrichplot_1.24.4_R_x86_64-pc-linux-gnu.tar.gz'
Content type 'application/gzip' length 354651 bytes (346 KB)
==================================================
downloaded 346 KB

trying URL 'https://bioconductor.org/packages/3.19/container-binaries/bioconductor_docker/src/contrib/GO.db_3.19.1_R_x86_64-pc-linux-gnu.tar.gz'
Content type 'application/gzip' length 28593760 bytes (27.3 MB)
==================================================
downloaded 27.3 MB

trying URL 'https://bioconductor.org/packages/3.19/container-binaries/bioconductor_docker/src/contrib/GOSemSim_2.30.2_R_x86_64-pc-linux-gnu.tar.gz'
Content type 'application/gzip' length 1694060 bytes (1.6 MB)
==================================================
downloaded 1.6 MB

trying URL 'https://bioconductor.org/packages/3.19/container-binaries/bioconductor_docker/src/contrib/gson_0.1.0_R_x86_64-pc-linux-gnu.tar.gz'
Content type 'application/gzip' length 230514 bytes (225 KB)
==================================================
downloaded 225 KB

trying URL 'https://p3m.dev/cran/__linux__/jammy/latest/src/contrib/yulab.utils_0.2.0.tar.gz'
Content type 'binary/octet-stream' length 117162 bytes (114 KB)
==================================================
downloaded 114 KB

trying URL 'https://bioconductor.org/packages/3.19/container-binaries/bioconductor_docker/src/contrib/org.Hs.eg.db_3.19.1_R_x86_64-pc-linux-gnu.tar.gz'
Content type 'application/gzip' length 99563487 bytes (95.0 MB)
==================================================
downloaded 95.0 MB

trying URL 'https://bioconductor.org/packages/3.19/container-binaries/bioconductor_docker/src/contrib/clusterProfiler_4.12.6_R_x86_64-pc-linux-gnu.tar.gz'
Content type 'application/gzip' length 1071095 bytes (1.0 MB)
==================================================
downloaded 1.0 MB

* installing *binary* package ‘gridGraphics’ ...
* DONE (gridGraphics)
* installing *binary* package ‘tweenr’ ...
* DONE (tweenr)
* installing *binary* package ‘polyclip’ ...
* DONE (polyclip)
* installing *binary* package ‘RcppEigen’ ...
* DONE (RcppEigen)
* installing *binary* package ‘patchwork’ ...
* DONE (patchwork)
* installing *binary* package ‘ggrepel’ ...
* DONE (ggrepel)
* installing *binary* package ‘tidygraph’ ...
* DONE (tidygraph)
* installing *binary* package ‘graphlayouts’ ...
* DONE (graphlayouts)
* installing *binary* package ‘ape’ ...
* DONE (ape)
* installing *binary* package ‘ggnewscale’ ...
* DONE (ggnewscale)
* installing *binary* package ‘shadowtext’ ...
* DONE (shadowtext)
* installing *binary* package ‘GO.db’ ...
* DONE (GO.db)
* installing *binary* package ‘gson’ ...
* DONE (gson)
* installing *binary* package ‘yulab.utils’ ...
* DONE (yulab.utils)
* installing *binary* package ‘org.Hs.eg.db’ ...
* DONE (org.Hs.eg.db)
* installing *binary* package ‘ggplotify’ ...
* DONE (ggplotify)
* installing *binary* package ‘ggforce’ ...
* DONE (ggforce)
* installing *binary* package ‘tidytree’ ...
* DONE (tidytree)
* installing *binary* package ‘ggfun’ ...
* DONE (ggfun)
* installing *binary* package ‘GOSemSim’ ...
* DONE (GOSemSim)
* installing *binary* package ‘treeio’ ...
* DONE (treeio)
* installing *binary* package ‘aplot’ ...
* DONE (aplot)
* installing *binary* package ‘ggraph’ ...
* DONE (ggraph)
* installing *binary* package ‘scatterpie’ ...
* DONE (scatterpie)
* installing *binary* package ‘DOSE’ ...
* DONE (DOSE)
* installing *binary* package ‘ggtree’ ...
* DONE (ggtree)
* installing *binary* package ‘enrichplot’ ...
* DONE (enrichplot)
* installing *binary* package ‘clusterProfiler’ ...
* DONE (clusterProfiler)

The downloaded source packages are in
	'/tmp/RtmpSS1UEs/downloaded_packages'
trying URL 'https://p3m.dev/cran/__linux__/jammy/latest/src/contrib/cellranger_1.1.0.tar.gz'
Content type 'binary/octet-stream' length 103690 bytes (101 KB)
==================================================
downloaded 101 KB

trying URL 'https://p3m.dev/cran/__linux__/jammy/latest/src/contrib/ids_1.0.1.tar.gz'
Content type 'binary/octet-stream' length 122712 bytes (119 KB)
==================================================
downloaded 119 KB

trying URL 'https://p3m.dev/cran/__linux__/jammy/latest/src/contrib/timechange_0.3.0.tar.gz'
Content type 'binary/octet-stream' length 170756 bytes (166 KB)
==================================================
downloaded 166 KB

trying URL 'https://p3m.dev/cran/__linux__/jammy/latest/src/contrib/broom_1.0.7.tar.gz'
Content type 'binary/octet-stream' length 1920000 bytes (1.8 MB)
==================================================
downloaded 1.8 MB

trying URL 'https://p3m.dev/cran/__linux__/jammy/latest/src/contrib/conflicted_1.2.0.tar.gz'
Content type 'binary/octet-stream' length 55150 bytes (53 KB)
==================================================
downloaded 53 KB

trying URL 'https://p3m.dev/cran/__linux__/jammy/latest/src/contrib/dtplyr_1.3.1.tar.gz'
Content type 'binary/octet-stream' length 357833 bytes (349 KB)
==================================================
downloaded 349 KB

trying URL 'https://p3m.dev/cran/__linux__/jammy/latest/src/contrib/forcats_1.0.0.tar.gz'
Content type 'binary/octet-stream' length 421536 bytes (411 KB)
==================================================
downloaded 411 KB

trying URL 'https://p3m.dev/cran/__linux__/jammy/latest/src/contrib/googledrive_2.1.1.tar.gz'
Content type 'binary/octet-stream' length 1900023 bytes (1.8 MB)
==================================================
downloaded 1.8 MB

trying URL 'https://p3m.dev/cran/__linux__/jammy/latest/src/contrib/googlesheets4_1.1.1.tar.gz'
Content type 'binary/octet-stream' length 517252 bytes (505 KB)
==================================================
downloaded 505 KB

trying URL 'https://p3m.dev/cran/__linux__/jammy/latest/src/contrib/haven_2.5.4.tar.gz'
Content type 'binary/octet-stream' length 384326 bytes (375 KB)
==================================================
downloaded 375 KB

trying URL 'https://p3m.dev/cran/__linux__/jammy/latest/src/contrib/lubridate_1.9.4.tar.gz'
Content type 'binary/octet-stream' length 985637 bytes (962 KB)
==================================================
downloaded 962 KB

trying URL 'https://p3m.dev/cran/__linux__/jammy/latest/src/contrib/modelr_0.1.11.tar.gz'
Content type 'binary/octet-stream' length 200644 bytes (195 KB)
==================================================
downloaded 195 KB

trying URL 'https://p3m.dev/cran/__linux__/jammy/latest/src/contrib/readxl_1.4.5.tar.gz'
Content type 'binary/octet-stream' length 408798 bytes (399 KB)
==================================================
downloaded 399 KB

trying URL 'https://p3m.dev/cran/__linux__/jammy/latest/src/contrib/reprex_2.1.1.tar.gz'
Content type 'binary/octet-stream' length 495004 bytes (483 KB)
==================================================
downloaded 483 KB

trying URL 'https://p3m.dev/cran/__linux__/jammy/latest/src/contrib/tidyverse_2.0.0.tar.gz'
Content type 'binary/octet-stream' length 425824 bytes (415 KB)
==================================================
downloaded 415 KB

trying URL 'https://p3m.dev/cran/__linux__/jammy/latest/src/contrib/pheatmap_1.0.12.tar.gz'
Content type 'binary/octet-stream' length 77437 bytes (75 KB)
==================================================
downloaded 75 KB

trying URL 'https://p3m.dev/cran/__linux__/jammy/latest/src/contrib/ggplot2_3.5.1.tar.gz'
Content type 'binary/octet-stream' length 5005937 bytes (4.8 MB)
==================================================
downloaded 4.8 MB

trying URL 'https://p3m.dev/cran/__linux__/jammy/latest/src/contrib/dplyr_1.1.4.tar.gz'
Content type 'binary/octet-stream' length 1494662 bytes (1.4 MB)
==================================================
downloaded 1.4 MB

* installing *binary* package ‘cellranger’ ...
* DONE (cellranger)
* installing *binary* package ‘ids’ ...
* DONE (ids)
* installing *binary* package ‘timechange’ ...
* DONE (timechange)
* installing *binary* package ‘conflicted’ ...
* DONE (conflicted)
* installing *binary* package ‘forcats’ ...
* DONE (forcats)
* installing *binary* package ‘googledrive’ ...
* DONE (googledrive)
* installing *binary* package ‘reprex’ ...
* DONE (reprex)
* installing *binary* package ‘pheatmap’ ...
* DONE (pheatmap)
* installing *binary* package ‘ggplot2’ ...
* DONE (ggplot2)
* installing *binary* package ‘dplyr’ ...
* DONE (dplyr)
* installing *binary* package ‘broom’ ...
* DONE (broom)
* installing *binary* package ‘dtplyr’ ...
* DONE (dtplyr)
* installing *binary* package ‘googlesheets4’ ...
* DONE (googlesheets4)
* installing *binary* package ‘haven’ ...
* DONE (haven)
* installing *binary* package ‘lubridate’ ...
* DONE (lubridate)
* installing *binary* package ‘readxl’ ...
* DONE (readxl)
* installing *binary* package ‘modelr’ ...
* DONE (modelr)
* installing *binary* package ‘tidyverse’ ...
* DONE (tidyverse)

The downloaded source packages are in
	'/tmp/RtmpSS1UEs/downloaded_packages'
Error in `library()`:
! there is no package called 'EnhancedVolcano'
Backtrace:
 1. base::library(EnhancedVolcano)

Quitting from lines 38-54 [setup] (A2_SoomiChoi.Rmd)
                                                                                                              
Execution halted
[?25h